{"synthetic": false,
 "schemaVersion": "2025-09-10",
 "outputs":
 {"o": ["7dcbc16c3e0dacf0.olean"],
  "m": false,
  "i": "3ccc9d41f79ae83f.ilean",
  "c": "b8dc8284d8f1e193.c"},
 "log":
 [{"message":
   ".> LEAN_PATH=/home/runner/work/lean-math/lean-math/.lake/packages/Cli/.lake/build/lib/lean:/home/runner/work/lean-math/lean-math/.lake/packages/batteries/.lake/build/lib/lean:/home/runner/work/lean-math/lean-math/.lake/packages/Qq/.lake/build/lib/lean:/home/runner/work/lean-math/lean-math/.lake/packages/aesop/.lake/build/lib/lean:/home/runner/work/lean-math/lean-math/.lake/packages/proofwidgets/.lake/build/lib/lean:/home/runner/work/lean-math/lean-math/.lake/packages/importGraph/.lake/build/lib/lean:/home/runner/work/lean-math/lean-math/.lake/packages/LeanSearchClient/.lake/build/lib/lean:/home/runner/work/lean-math/lean-math/.lake/packages/plausible/.lake/build/lib/lean:/home/runner/work/lean-math/lean-math/.lake/packages/mathlib/.lake/build/lib/lean:/home/runner/work/lean-math/lean-math/.lake/build/lib/lean /home/runner/.elan/toolchains/leanprover--lean4---v4.33.0-rc2/bin/lean /home/runner/work/lean-math/lean-math/LeanMath.lean -o /home/runner/work/lean-math/lean-math/.lake/build/lib/lean/LeanMath.olean -i /home/runner/work/lean-math/lean-math/.lake/build/lib/lean/LeanMath.ilean -c /home/runner/work/lean-math/lean-math/.lake/build/ir/LeanMath.c --setup /home/runner/work/lean-math/lean-math/.lake/build/ir/LeanMath.setup.json --json",
   "level": "trace"}],
 "inputs":
 [["deps",
   [["«lean-math»/LeanMath:extraDep",
     [["@«lean-math»:extraDep", "00000000000006bb"]]],
    ["imports",
     [["LeanMath.Basic transitive imports (legacy)", "00000000000006bb"],
      ["LeanMath.Basic:importAllArts", "2b1743ee7faf83c2"]]]]],
  ["libs",
   [["import dynlibs", "00000000000006bb"],
    ["package external libraries", "00000000000006bb"],
    ["module dynlibs", "00000000000006bb"],
    ["module plugins", "00000000000006bb"]]],
  ["Lean 4.33.0, commit d8b18978322de05a8f3dba51ef03cf5461676c17",
   "3eca9d16ab6c877d"],
  ["/home/runner/work/lean-math/lean-math/LeanMath.lean", "b0bf5ecb937d5173"],
  ["options",
   [["-DmaxSynthPendingDepth=3", "c78e353d34de85d4"],
    ["-Dweak.linter.mathlibStandardSet=true", "8a155799906f2b42"],
    ["-DrelaxedAutoImplicit=false", "74a2b5546b55be80"],
    ["-Dpp.unicode.fun=true", "9b94070140457fab"]]],
  ["isModule: false", "feefd2a0d3a1847e"],
  ["Module.name: LeanMath", "8b7d4b6bacbef40c"],
  ["Package.id?: (some lean-math)", "faa4cd9d0aa817d7"],
  ["Module.leanArgs: #[]", "00000000000006bb"]],
 "depHash": "a57f6ef373750c8c"}